[INFO] Scanning for projects...
[INFO] 
[INFO] ----------------------------< com.sgp:sgp >-----------------------------
[INFO] Building SGP 1.0.0
[INFO]   from pom.xml
[INFO] --------------------------------[ jar ]---------------------------------
[INFO] 
[INFO] >>> spring-boot:3.5.16:run (default-cli) > test-compile @ sgp >>>
[INFO] 
[INFO] --- resources:3.3.1:resources (default-resources) @ sgp ---
[INFO] Copying 1 resource from src\main\resources to target\classes
[INFO] Copying 0 resource from src\main\resources to target\classes
[INFO] 
[INFO] --- compiler:3.14.1:compile (default-compile) @ sgp ---
[INFO] Nothing to compile - all classes are up to date.
[INFO] 
[INFO] --- resources:3.3.1:testResources (default-testResources) @ sgp ---
[INFO] skip non existing resourceDirectory C:\Users\rleni\OneDrive\Documentos\PROYECTO\sgp\sgp\src\test\resources
[INFO] 
[INFO] --- compiler:3.14.1:testCompile (default-testCompile) @ sgp ---
[INFO] Nothing to compile - all classes are up to date.
[INFO] 
[INFO] <<< spring-boot:3.5.16:run (default-cli) < test-compile @ sgp <<<
[INFO] 
[INFO] 
[INFO] --- spring-boot:3.5.16:run (default-cli) @ sgp ---
[INFO] Attaching agents: []

  .   ____          _            __ _ _
 /\\ / ___'_ __ _ _(_)_ __  __ _ \ \ \ \
( ( )\___ | '_ | '_| | '_ \/ _` | \ \ \ \
 \\/  ___)| |_)| | | | | || (_| |  ) ) ) )
  '  |____| .__|_| |_|_| |_\__, | / / / /
 =========|_|==============|___/=/_/_/_/

 :: Spring Boot ::               (v3.5.16)

2026-07-07T23:53:29.353-05:00  INFO 18200 --- [sgp] [           main] com.sgp.sgp.SgpApplication               : Starting SgpApplication using Java 26.0.1 with PID 18200 (C:\Users\rleni\OneDrive\Documentos\PROYECTO\sgp\sgp\target\classes started by rleni in C:\Users\rleni\OneDrive\Documentos\PROYECTO\sgp\sgp)
2026-07-07T23:53:29.355-05:00  INFO 18200 --- [sgp] [           main] com.sgp.sgp.SgpApplication               : No active profile set, falling back to 1 default profile: "default"
2026-07-07T23:53:30.052-05:00  INFO 18200 --- [sgp] [           main] .s.d.r.c.RepositoryConfigurationDelegate : Bootstrapping Spring Data JPA repositories in DEFAULT mode.
2026-07-07T23:53:30.143-05:00  INFO 18200 --- [sgp] [           main] .s.d.r.c.RepositoryConfigurationDelegate : Finished Spring Data repository scanning in 72 ms. Found 3 JPA repository interfaces.
2026-07-07T23:53:30.729-05:00  INFO 18200 --- [sgp] [           main] o.s.b.w.embedded.tomcat.TomcatWebServer  : Tomcat initialized with port 8080 (http)
2026-07-07T23:53:30.747-05:00  INFO 18200 --- [sgp] [           main] o.apache.catalina.core.StandardService   : Starting service [Tomcat]
2026-07-07T23:53:30.747-05:00  INFO 18200 --- [sgp] [           main] o.apache.catalina.core.StandardEngine    : Starting Servlet engine: [Apache Tomcat/10.1.55]
2026-07-07T23:53:30.812-05:00  INFO 18200 --- [sgp] [           main] o.a.c.c.C.[Tomcat].[localhost].[/]       : Initializing Spring embedded WebApplicationContext
2026-07-07T23:53:30.813-05:00  INFO 18200 --- [sgp] [           main] w.s.c.ServletWebServerApplicationContext : Root WebApplicationContext: initialization completed in 1406 ms
2026-07-07T23:53:30.983-05:00  INFO 18200 --- [sgp] [           main] o.hibernate.jpa.internal.util.LogHelper  : HHH000204: Processing PersistenceUnitInfo [name: default]
2026-07-07T23:53:31.050-05:00  INFO 18200 --- [sgp] [           main] org.hibernate.Version                    : HHH000412: Hibernate ORM core version 6.6.53.Final
2026-07-07T23:53:31.088-05:00  INFO 18200 --- [sgp] [           main] o.h.c.internal.RegionFactoryInitiator    : HHH000026: Second-level cache disabled
2026-07-07T23:53:31.520-05:00  INFO 18200 --- [sgp] [           main] o.s.o.j.p.SpringPersistenceUnitInfo      : No LoadTimeWeaver setup: ignoring JPA class transformer
2026-07-07T23:53:31.571-05:00  INFO 18200 --- [sgp] [           main] com.zaxxer.hikari.HikariDataSource       : HikariPool-1 - Starting...
2026-07-07T23:53:32.377-05:00  INFO 18200 --- [sgp] [           main] com.zaxxer.hikari.pool.HikariPool        : HikariPool-1 - Added connection com.mysql.cj.jdbc.ConnectionImpl@30358dc7
2026-07-07T23:53:32.379-05:00  INFO 18200 --- [sgp] [           main] com.zaxxer.hikari.HikariDataSource       : HikariPool-1 - Start completed.
2026-07-07T23:53:32.492-05:00  INFO 18200 --- [sgp] [           main] org.hibernate.orm.connections.pooling    : HHH10001005: Database info:
	Database JDBC URL [Connecting through datasource 'HikariDataSource (HikariPool-1)']
	Database driver: undefined/unknown
	Database version: 8.0.46
	Autocommit mode: undefined/unknown
	Isolation level: undefined/unknown
	Minimum pool size: undefined/unknown
	Maximum pool size: undefined/unknown
2026-07-07T23:53:33.561-05:00  INFO 18200 --- [sgp] [           main] o.h.e.t.j.p.i.JtaPlatformInitiator       : HHH000489: No JTA platform available (set 'hibernate.transaction.jta.platform' to enable JTA platform integration)
2026-07-07T23:53:33.677-05:00  INFO 18200 --- [sgp] [           main] j.LocalContainerEntityManagerFactoryBean : Initialized JPA EntityManagerFactory for persistence unit 'default'
2026-07-07T23:53:34.119-05:00  INFO 18200 --- [sgp] [           main] o.s.d.j.r.query.QueryEnhancerFactory     : Hibernate is in classpath; If applicable, HQL parser will be used.
2026-07-07T23:53:34.932-05:00  INFO 18200 --- [sgp] [           main] o.s.b.w.embedded.tomcat.TomcatWebServer  : Tomcat started on port 8080 (http) with context path '/'
2026-07-07T23:53:34.938-05:00  INFO 18200 --- [sgp] [           main] com.sgp.sgp.SgpApplication               : Started SgpApplication in 6.113 seconds (process running for 6.569)
2026-07-07T23:53:57.577-05:00  INFO 18200 --- [sgp] [nio-8080-exec-1] o.a.c.c.C.[Tomcat].[localhost].[/]       : Initializing Spring DispatcherServlet 'dispatcherServlet'
2026-07-07T23:53:57.578-05:00  INFO 18200 --- [sgp] [nio-8080-exec-1] o.s.web.servlet.DispatcherServlet        : Initializing Servlet 'dispatcherServlet'
2026-07-07T23:53:57.584-05:00  INFO 18200 --- [sgp] [nio-8080-exec-1] o.s.web.servlet.DispatcherServlet        : Completed initialization in 5 ms
2026-07-07T23:53:58.081-05:00 DEBUG 18200 --- [sgp] [nio-8080-exec-1] org.hibernate.SQL                        : 
    select
        e1_0.id_empleado,
        e1_0.apellidos,
        e1_0.estado_civil,
        e1_0.fecha_nacimiento,
        e1_0.nombre,
        e1_0.numero_documento,
        e1_0.tipo_documento 
    from
        empleado e1_0
Hibernate: 
    select
        e1_0.id_empleado,
        e1_0.apellidos,
        e1_0.estado_civil,
        e1_0.fecha_nacimiento,
        e1_0.nombre,
        e1_0.numero_documento,
        e1_0.tipo_documento 
    from
        empleado e1_0
2026-07-07T23:53:58.457-05:00 DEBUG 18200 --- [sgp] [nio-8080-exec-2] org.hibernate.SQL                        : 
    select
        e1_0.id_empleado,
        e1_0.apellidos,
        e1_0.estado_civil,
        e1_0.fecha_nacimiento,
        e1_0.nombre,
        e1_0.numero_documento,
        e1_0.tipo_documento 
    from
        empleado e1_0
Hibernate: 
    select
        e1_0.id_empleado,
        e1_0.apellidos,
        e1_0.estado_civil,
        e1_0.fecha_nacimiento,
        e1_0.nombre,
        e1_0.numero_documento,
        e1_0.tipo_documento 
    from
        empleado e1_0
2026-07-07T23:54:01.815-05:00 DEBUG 18200 --- [sgp] [nio-8080-exec-7] org.hibernate.SQL                        : 
    select
        e1_0.id_empleado,
        e1_0.apellidos,
        e1_0.estado_civil,
        e1_0.fecha_nacimiento,
        e1_0.nombre,
        e1_0.numero_documento,
        e1_0.tipo_documento 
    from
        empleado e1_0
Hibernate: 
    select
        e1_0.id_empleado,
        e1_0.apellidos,
        e1_0.estado_civil,
        e1_0.fecha_nacimiento,
        e1_0.nombre,
        e1_0.numero_documento,
        e1_0.tipo_documento 
    from
        empleado e1_0
2026-07-07T23:54:01.868-05:00 DEBUG 18200 --- [sgp] [nio-8080-exec-5] org.hibernate.SQL                        : 
    select
        e1_0.id_empleado,
        e1_0.apellidos,
        e1_0.estado_civil,
        e1_0.fecha_nacimiento,
        e1_0.nombre,
        e1_0.numero_documento,
        e1_0.tipo_documento 
    from
        empleado e1_0
Hibernate: 
    select
        e1_0.id_empleado,
        e1_0.apellidos,
        e1_0.estado_civil,
        e1_0.fecha_nacimiento,
        e1_0.nombre,
        e1_0.numero_documento,
        e1_0.tipo_documento 
    from
        empleado e1_0
2026-07-07T23:54:01.919-05:00 DEBUG 18200 --- [sgp] [nio-8080-exec-9] org.hibernate.SQL                        : 
    select
        c1_0.id_contrato,
        e1_0.id_empleado,
        e1_0.apellidos,
        e1_0.estado_civil,
        e1_0.fecha_nacimiento,
        e1_0.nombre,
        e1_0.numero_documento,
        e1_0.tipo_documento,
        c1_0.fecha_fin,
        c1_0.fecha_inicio,
        c1_0.salario,
        c1_0.tipo_contrato 
    from
        contrato c1_0 
    left join
        empleado e1_0 
            on e1_0.id_empleado=c1_0.id_empleado
Hibernate: 
    select
        c1_0.id_contrato,
        e1_0.id_empleado,
        e1_0.apellidos,
        e1_0.estado_civil,
        e1_0.fecha_nacimiento,
        e1_0.nombre,
        e1_0.numero_documento,
        e1_0.tipo_documento,
        c1_0.fecha_fin,
        c1_0.fecha_inicio,
        c1_0.salario,
        c1_0.tipo_contrato 
    from
        contrato c1_0 
    left join
        empleado e1_0 
            on e1_0.id_empleado=c1_0.id_empleado
2026-07-07T23:54:01.970-05:00 DEBUG 18200 --- [sgp] [nio-8080-exec-6] org.hibernate.SQL                        : 
    select
        c1_0.id_contrato,
        e1_0.id_empleado,
        e1_0.apellidos,
        e1_0.estado_civil,
        e1_0.fecha_nacimiento,
        e1_0.nombre,
        e1_0.numero_documento,
        e1_0.tipo_documento,
        c1_0.fecha_fin,
        c1_0.fecha_inicio,
        c1_0.salario,
        c1_0.tipo_contrato 
    from
        contrato c1_0 
    left join
        empleado e1_0 
            on e1_0.id_empleado=c1_0.id_empleado
Hibernate: 
    select
        c1_0.id_contrato,
        e1_0.id_empleado,
        e1_0.apellidos,
        e1_0.estado_civil,
        e1_0.fecha_nacimiento,
        e1_0.nombre,
        e1_0.numero_documento,
        e1_0.tipo_documento,
        c1_0.fecha_fin,
        c1_0.fecha_inicio,
        c1_0.salario,
        c1_0.tipo_contrato 
    from
        contrato c1_0 
    left join
        empleado e1_0 
            on e1_0.id_empleado=c1_0.id_empleado
2026-07-07T23:54:04.149-05:00 DEBUG 18200 --- [sgp] [nio-8080-exec-4] org.hibernate.SQL                        : 
    select
        u1_0.id,
        u1_0.activo,
        u1_0.apellidos,
        u1_0.correo,
        u1_0.nombres,
        u1_0.password,
        u1_0.rol 
    from
        usuario u1_0
Hibernate: 
    select
        u1_0.id,
        u1_0.activo,
        u1_0.apellidos,
        u1_0.correo,
        u1_0.nombres,
        u1_0.password,
        u1_0.rol 
    from
        usuario u1_0
2026-07-07T23:54:04.185-05:00 DEBUG 18200 --- [sgp] [io-8080-exec-10] org.hibernate.SQL                        : 
    select
        u1_0.id,
        u1_0.activo,
        u1_0.apellidos,
        u1_0.correo,
        u1_0.nombres,
        u1_0.password,
        u1_0.rol 
    from
        usuario u1_0
Hibernate: 
    select
        u1_0.id,
        u1_0.activo,
        u1_0.apellidos,
        u1_0.correo,
        u1_0.nombres,
        u1_0.password,
        u1_0.rol 
    from
        usuario u1_0
2026-07-08T00:00:33.727-05:00 DEBUG 18200 --- [sgp] [nio-8080-exec-5] org.hibernate.SQL                        : 
    select
        u1_0.id,
        u1_0.activo,
        u1_0.apellidos,
        u1_0.correo,
        u1_0.nombres,
        u1_0.password,
        u1_0.rol 
    from
        usuario u1_0
Hibernate: 
    select
        u1_0.id,
        u1_0.activo,
        u1_0.apellidos,
        u1_0.correo,
        u1_0.nombres,
        u1_0.password,
        u1_0.rol 
    from
        usuario u1_0
2026-07-08T00:05:32.997-05:00 DEBUG 18200 --- [sgp] [nio-8080-exec-3] org.hibernate.SQL                        : 
    select
        u1_0.id,
        u1_0.activo,
        u1_0.apellidos,
        u1_0.correo,
        u1_0.nombres,
        u1_0.password,
        u1_0.rol 
    from
        usuario u1_0 
    where
        u1_0.id=?
Hibernate: 
    select
        u1_0.id,
        u1_0.activo,
        u1_0.apellidos,
        u1_0.correo,
        u1_0.nombres,
        u1_0.password,
        u1_0.rol 
    from
        usuario u1_0 
    where
        u1_0.id=?
2026-07-08T00:11:35.674-05:00 DEBUG 18200 --- [sgp] [nio-8080-exec-1] org.hibernate.SQL                        : 
    select
        u1_0.id,
        u1_0.activo,
        u1_0.apellidos,
        u1_0.correo,
        u1_0.nombres,
        u1_0.password,
        u1_0.rol 
    from
        usuario u1_0 
    where
        u1_0.id=?
Hibernate: 
    select
        u1_0.id,
        u1_0.activo,
        u1_0.apellidos,
        u1_0.correo,
        u1_0.nombres,
        u1_0.password,
        u1_0.rol 
    from
        usuario u1_0 
    where
        u1_0.id=?
2026-07-08T00:11:35.912-05:00 DEBUG 18200 --- [sgp] [nio-8080-exec-1] org.hibernate.SQL                        : 
    select
        u1_0.id,
        u1_0.activo,
        u1_0.apellidos,
        u1_0.correo,
        u1_0.nombres,
        u1_0.password,
        u1_0.rol 
    from
        usuario u1_0 
    where
        u1_0.id=?
Hibernate: 
    select
        u1_0.id,
        u1_0.activo,
        u1_0.apellidos,
        u1_0.correo,
        u1_0.nombres,
        u1_0.password,
        u1_0.rol 
    from
        usuario u1_0 
    where
        u1_0.id=?
2026-07-08T00:11:36.123-05:00 DEBUG 18200 --- [sgp] [nio-8080-exec-1] org.hibernate.SQL                        : 
    update
        usuario 
    set
        activo=?,
        apellidos=?,
        correo=?,
        nombres=?,
        password=?,
        rol=? 
    where
        id=?
Hibernate: 
    update
        usuario 
    set
        activo=?,
        apellidos=?,
        correo=?,
        nombres=?,
        password=?,
        rol=? 
    where
        id=?
2026-07-08T00:14:04.263-05:00 DEBUG 18200 --- [sgp] [nio-8080-exec-2] org.hibernate.SQL                        : 
    select
        e1_0.id_empleado,
        e1_0.apellidos,
        e1_0.estado_civil,
        e1_0.fecha_nacimiento,
        e1_0.nombre,
        e1_0.numero_documento,
        e1_0.tipo_documento 
    from
        empleado e1_0
Hibernate: 
    select
        e1_0.id_empleado,
        e1_0.apellidos,
        e1_0.estado_civil,
        e1_0.fecha_nacimiento,
        e1_0.nombre,
        e1_0.numero_documento,
        e1_0.tipo_documento 
    from
        empleado e1_0
2026-07-08T00:14:04.617-05:00 DEBUG 18200 --- [sgp] [nio-8080-exec-9] org.hibernate.SQL                        : 
    select
        e1_0.id_empleado,
        e1_0.apellidos,
        e1_0.estado_civil,
        e1_0.fecha_nacimiento,
        e1_0.nombre,
        e1_0.numero_documento,
        e1_0.tipo_documento 
    from
        empleado e1_0
Hibernate: 
    select
        e1_0.id_empleado,
        e1_0.apellidos,
        e1_0.estado_civil,
        e1_0.fecha_nacimiento,
        e1_0.nombre,
        e1_0.numero_documento,
        e1_0.tipo_documento 
    from
        empleado e1_0
2026-07-08T00:14:06.125-05:00 DEBUG 18200 --- [sgp] [nio-8080-exec-5] org.hibernate.SQL                        : 
    select
        u1_0.id,
        u1_0.activo,
        u1_0.apellidos,
        u1_0.correo,
        u1_0.nombres,
        u1_0.password,
        u1_0.rol 
    from
        usuario u1_0
Hibernate: 
    select
        u1_0.id,
        u1_0.activo,
        u1_0.apellidos,
        u1_0.correo,
        u1_0.nombres,
        u1_0.password,
        u1_0.rol 
    from
        usuario u1_0
2026-07-08T00:14:06.156-05:00 DEBUG 18200 --- [sgp] [nio-8080-exec-6] org.hibernate.SQL                        : 
    select
        u1_0.id,
        u1_0.activo,
        u1_0.apellidos,
        u1_0.correo,
        u1_0.nombres,
        u1_0.password,
        u1_0.rol 
    from
        usuario u1_0
Hibernate: 
    select
        u1_0.id,
        u1_0.activo,
        u1_0.apellidos,
        u1_0.correo,
        u1_0.nombres,
        u1_0.password,
        u1_0.rol 
    from
        usuario u1_0
2026-07-08T00:14:10.956-05:00 DEBUG 18200 --- [sgp] [nio-8080-exec-3] org.hibernate.SQL                        : 
    select
        e1_0.id_empleado,
        e1_0.apellidos,
        e1_0.estado_civil,
        e1_0.fecha_nacimiento,
        e1_0.nombre,
        e1_0.numero_documento,
        e1_0.tipo_documento 
    from
        empleado e1_0
Hibernate: 
    select
        e1_0.id_empleado,
        e1_0.apellidos,
        e1_0.estado_civil,
        e1_0.fecha_nacimiento,
        e1_0.nombre,
        e1_0.numero_documento,
        e1_0.tipo_documento 
    from
        empleado e1_0
2026-07-08T00:14:11.032-05:00 DEBUG 18200 --- [sgp] [nio-8080-exec-8] org.hibernate.SQL                        : 
    select
        c1_0.id_contrato,
        e1_0.id_empleado,
        e1_0.apellidos,
        e1_0.estado_civil,
        e1_0.fecha_nacimiento,
        e1_0.nombre,
        e1_0.numero_documento,
        e1_0.tipo_documento,
        c1_0.fecha_fin,
        c1_0.fecha_inicio,
        c1_0.salario,
        c1_0.tipo_contrato 
    from
        contrato c1_0 
    left join
        empleado e1_0 
            on e1_0.id_empleado=c1_0.id_empleado
Hibernate: 
    select
        c1_0.id_contrato,
        e1_0.id_empleado,
        e1_0.apellidos,
        e1_0.estado_civil,
        e1_0.fecha_nacimiento,
        e1_0.nombre,
        e1_0.numero_documento,
        e1_0.tipo_documento,
        c1_0.fecha_fin,
        c1_0.fecha_inicio,
        c1_0.salario,
        c1_0.tipo_contrato 
    from
        contrato c1_0 
    left join
        empleado e1_0 
            on e1_0.id_empleado=c1_0.id_empleado
2026-07-08T00:14:11.041-05:00 DEBUG 18200 --- [sgp] [nio-8080-exec-4] org.hibernate.SQL                        : 
    select
        e1_0.id_empleado,
        e1_0.apellidos,
        e1_0.estado_civil,
        e1_0.fecha_nacimiento,
        e1_0.nombre,
        e1_0.numero_documento,
        e1_0.tipo_documento 
    from
        empleado e1_0
Hibernate: 
    select
        e1_0.id_empleado,
        e1_0.apellidos,
        e1_0.estado_civil,
        e1_0.fecha_nacimiento,
        e1_0.nombre,
        e1_0.numero_documento,
        e1_0.tipo_documento 
    from
        empleado e1_0
2026-07-08T00:14:11.102-05:00 DEBUG 18200 --- [sgp] [io-8080-exec-10] org.hibernate.SQL                        : 
    select
        c1_0.id_contrato,
        e1_0.id_empleado,
        e1_0.apellidos,
        e1_0.estado_civil,
        e1_0.fecha_nacimiento,
        e1_0.nombre,
        e1_0.numero_documento,
        e1_0.tipo_documento,
        c1_0.fecha_fin,
        c1_0.fecha_inicio,
        c1_0.salario,
        c1_0.tipo_contrato 
    from
        contrato c1_0 
    left join
        empleado e1_0 
            on e1_0.id_empleado=c1_0.id_empleado
Hibernate: 
    select
        c1_0.id_contrato,
        e1_0.id_empleado,
        e1_0.apellidos,
        e1_0.estado_civil,
        e1_0.fecha_nacimiento,
        e1_0.nombre,
        e1_0.numero_documento,
        e1_0.tipo_documento,
        c1_0.fecha_fin,
        c1_0.fecha_inicio,
        c1_0.salario,
        c1_0.tipo_contrato 
    from
        contrato c1_0 
    left join
        empleado e1_0 
            on e1_0.id_empleado=c1_0.id_empleado
2026-07-08T00:14:13.293-05:00 DEBUG 18200 --- [sgp] [nio-8080-exec-1] org.hibernate.SQL                        : 
    select
        e1_0.id_empleado,
        e1_0.apellidos,
        e1_0.estado_civil,
        e1_0.fecha_nacimiento,
        e1_0.nombre,
        e1_0.numero_documento,
        e1_0.tipo_documento 
    from
        empleado e1_0
Hibernate: 
    select
        e1_0.id_empleado,
        e1_0.apellidos,
        e1_0.estado_civil,
        e1_0.fecha_nacimiento,
        e1_0.nombre,
        e1_0.numero_documento,
        e1_0.tipo_documento 
    from
        empleado e1_0
2026-07-08T00:14:13.337-05:00 DEBUG 18200 --- [sgp] [nio-8080-exec-7] org.hibernate.SQL                        : 
    select
        e1_0.id_empleado,
        e1_0.apellidos,
        e1_0.estado_civil,
        e1_0.fecha_nacimiento,
        e1_0.nombre,
        e1_0.numero_documento,
        e1_0.tipo_documento 
    from
        empleado e1_0
Hibernate: 
    select
        e1_0.id_empleado,
        e1_0.apellidos,
        e1_0.estado_civil,
        e1_0.fecha_nacimiento,
        e1_0.nombre,
        e1_0.numero_documento,
        e1_0.tipo_documento 
    from
        empleado e1_0
2026-07-08T00:14:15.619-05:00 DEBUG 18200 --- [sgp] [nio-8080-exec-2] org.hibernate.SQL                        : 
    select
        u1_0.id,
        u1_0.activo,
        u1_0.apellidos,
        u1_0.correo,
        u1_0.nombres,
        u1_0.password,
        u1_0.rol 
    from
        usuario u1_0
Hibernate: 
    select
        u1_0.id,
        u1_0.activo,
        u1_0.apellidos,
        u1_0.correo,
        u1_0.nombres,
        u1_0.password,
        u1_0.rol 
    from
        usuario u1_0
2026-07-08T00:14:15.649-05:00 DEBUG 18200 --- [sgp] [nio-8080-exec-9] org.hibernate.SQL                        : 
    select
        u1_0.id,
        u1_0.activo,
        u1_0.apellidos,
        u1_0.correo,
        u1_0.nombres,
        u1_0.password,
        u1_0.rol 
    from
        usuario u1_0
Hibernate: 
    select
        u1_0.id,
        u1_0.activo,
        u1_0.apellidos,
        u1_0.correo,
        u1_0.nombres,
        u1_0.password,
        u1_0.rol 
    from
        usuario u1_0
2026-07-08T00:15:45.410-05:00 DEBUG 18200 --- [sgp] [nio-8080-exec-4] org.hibernate.SQL                        : 
    select
        count(*) 
    from
        usuario u1_0 
    where
        u1_0.id=?
Hibernate: 
    select
        count(*) 
    from
        usuario u1_0 
    where
        u1_0.id=?
2026-07-08T00:15:45.463-05:00 DEBUG 18200 --- [sgp] [nio-8080-exec-4] org.hibernate.SQL                        : 
    select
        u1_0.id,
        u1_0.activo,
        u1_0.apellidos,
        u1_0.correo,
        u1_0.nombres,
        u1_0.password,
        u1_0.rol 
    from
        usuario u1_0 
    where
        u1_0.id=?
Hibernate: 
    select
        u1_0.id,
        u1_0.activo,
        u1_0.apellidos,
        u1_0.correo,
        u1_0.nombres,
        u1_0.password,
        u1_0.rol 
    from
        usuario u1_0 
    where
        u1_0.id=?
2026-07-08T00:15:45.522-05:00 DEBUG 18200 --- [sgp] [nio-8080-exec-4] org.hibernate.SQL                        : 
    delete 
    from
        usuario 
    where
        id=?
Hibernate: 
    delete 
    from
        usuario 
    where
        id=?
2026-07-08T00:18:13.369-05:00 DEBUG 18200 --- [sgp] [nio-8080-exec-1] org.hibernate.SQL                        : 
    select
        e1_0.id_empleado,
        e1_0.apellidos,
        e1_0.estado_civil,
        e1_0.fecha_nacimiento,
        e1_0.nombre,
        e1_0.numero_documento,
        e1_0.tipo_documento 
    from
        empleado e1_0
Hibernate: 
    select
        e1_0.id_empleado,
        e1_0.apellidos,
        e1_0.estado_civil,
        e1_0.fecha_nacimiento,
        e1_0.nombre,
        e1_0.numero_documento,
        e1_0.tipo_documento 
    from
        empleado e1_0
2026-07-08T00:18:13.519-05:00 DEBUG 18200 --- [sgp] [nio-8080-exec-7] org.hibernate.SQL                        : 
    select
        e1_0.id_empleado,
        e1_0.apellidos,
        e1_0.estado_civil,
        e1_0.fecha_nacimiento,
        e1_0.nombre,
        e1_0.numero_documento,
        e1_0.tipo_documento 
    from
        empleado e1_0
Hibernate: 
    select
        e1_0.id_empleado,
        e1_0.apellidos,
        e1_0.estado_civil,
        e1_0.fecha_nacimiento,
        e1_0.nombre,
        e1_0.numero_documento,
        e1_0.tipo_documento 
    from
        empleado e1_0
2026-07-08T00:18:15.915-05:00 DEBUG 18200 --- [sgp] [nio-8080-exec-2] org.hibernate.SQL                        : 
    select
        u1_0.id,
        u1_0.activo,
        u1_0.apellidos,
        u1_0.correo,
        u1_0.nombres,
        u1_0.password,
        u1_0.rol 
    from
        usuario u1_0
Hibernate: 
    select
        u1_0.id,
        u1_0.activo,
        u1_0.apellidos,
        u1_0.correo,
        u1_0.nombres,
        u1_0.password,
        u1_0.rol 
    from
        usuario u1_0
2026-07-08T00:18:15.958-05:00 DEBUG 18200 --- [sgp] [nio-8080-exec-9] org.hibernate.SQL                        : 
    select
        u1_0.id,
        u1_0.activo,
        u1_0.apellidos,
        u1_0.correo,
        u1_0.nombres,
        u1_0.password,
        u1_0.rol 
    from
        usuario u1_0
Hibernate: 
    select
        u1_0.id,
        u1_0.activo,
        u1_0.apellidos,
        u1_0.correo,
        u1_0.nombres,
        u1_0.password,
        u1_0.rol 
    from
        usuario u1_0
2026-07-08T00:23:48.575-05:00  WARN 18200 --- [sgp] [nio-8080-exec-8] .w.s.m.s.DefaultHandlerExceptionResolver : Resolved [org.springframework.http.converter.HttpMessageNotReadableException: JSON parse error: Cannot construct instance of `com.sgp.sgp.dto.LoginRequest` (although at least one Creator exists): no String-argument constructor/factory method to deserialize from String value ('correo')]
2026-07-08T00:24:08.325-05:00 DEBUG 18200 --- [sgp] [nio-8080-exec-4] org.hibernate.SQL                        : 
    select
        e1_0.id_empleado,
        e1_0.apellidos,
        e1_0.estado_civil,
        e1_0.fecha_nacimiento,
        e1_0.nombre,
        e1_0.numero_documento,
        e1_0.tipo_documento 
    from
        empleado e1_0
Hibernate: 
    select
        e1_0.id_empleado,
        e1_0.apellidos,
        e1_0.estado_civil,
        e1_0.fecha_nacimiento,
        e1_0.nombre,
        e1_0.numero_documento,
        e1_0.tipo_documento 
    from
        empleado e1_0
2026-07-08T00:24:08.420-05:00 DEBUG 18200 --- [sgp] [io-8080-exec-10] org.hibernate.SQL                        : 
    select
        e1_0.id_empleado,
        e1_0.apellidos,
        e1_0.estado_civil,
        e1_0.fecha_nacimiento,
        e1_0.nombre,
        e1_0.numero_documento,
        e1_0.tipo_documento 
    from
        empleado e1_0
Hibernate: 
    select
        e1_0.id_empleado,
        e1_0.apellidos,
        e1_0.estado_civil,
        e1_0.fecha_nacimiento,
        e1_0.nombre,
        e1_0.numero_documento,
        e1_0.tipo_documento 
    from
        empleado e1_0
2026-07-08T00:24:11.236-05:00 DEBUG 18200 --- [sgp] [nio-8080-exec-2] org.hibernate.SQL                        : 
    select
        u1_0.id,
        u1_0.activo,
        u1_0.apellidos,
        u1_0.correo,
        u1_0.nombres,
        u1_0.password,
        u1_0.rol 
    from
        usuario u1_0
Hibernate: 
    select
        u1_0.id,
        u1_0.activo,
        u1_0.apellidos,
        u1_0.correo,
        u1_0.nombres,
        u1_0.password,
        u1_0.rol 
    from
        usuario u1_0
2026-07-08T00:24:11.268-05:00 DEBUG 18200 --- [sgp] [nio-8080-exec-9] org.hibernate.SQL                        : 
    select
        u1_0.id,
        u1_0.activo,
        u1_0.apellidos,
        u1_0.correo,
        u1_0.nombres,
        u1_0.password,
        u1_0.rol 
    from
        usuario u1_0
Hibernate: 
    select
        u1_0.id,
        u1_0.activo,
        u1_0.apellidos,
        u1_0.correo,
        u1_0.nombres,
        u1_0.password,
        u1_0.rol 
    from
        usuario u1_0
2026-07-08T00:24:24.690-05:00  WARN 18200 --- [sgp] [nio-8080-exec-5] .w.s.m.s.DefaultHandlerExceptionResolver : Resolved [org.springframework.http.converter.HttpMessageNotReadableException: JSON parse error: Cannot construct instance of `com.sgp.sgp.dto.RegisterRequest` (although at least one Creator exists): no String-argument constructor/factory method to deserialize from String value ('correo')]
2026-07-08T00:26:09.832-05:00 DEBUG 18200 --- [sgp] [nio-8080-exec-9] org.hibernate.SQL                        : 
    select
        u1_0.id,
        u1_0.activo,
        u1_0.apellidos,
        u1_0.correo,
        u1_0.nombres,
        u1_0.password,
        u1_0.rol 
    from
        usuario u1_0 
    where
        u1_0.correo=?
Hibernate: 
    select
        u1_0.id,
        u1_0.activo,
        u1_0.apellidos,
        u1_0.correo,
        u1_0.nombres,
        u1_0.password,
        u1_0.rol 
    from
        usuario u1_0 
    where
        u1_0.correo=?
2026-07-08T00:30:23.719-05:00 DEBUG 18200 --- [sgp] [nio-8080-exec-5] org.hibernate.SQL                        : 
    select
        u1_0.id,
        u1_0.activo,
        u1_0.apellidos,
        u1_0.correo,
        u1_0.nombres,
        u1_0.password,
        u1_0.rol 
    from
        usuario u1_0 
    where
        u1_0.correo=?
Hibernate: 
    select
        u1_0.id,
        u1_0.activo,
        u1_0.apellidos,
        u1_0.correo,
        u1_0.nombres,
        u1_0.password,
        u1_0.rol 
    from
        usuario u1_0 
    where
        u1_0.correo=?
